../../Drivers/CMSIS/Include/core_cm4.h:1667:26:__NVIC_GetPriorityGrouping	4	static
../../Drivers/CMSIS/Include/core_cm4.h:1679:22:__NVIC_EnableIRQ	16	static,ignoring_inline_asm
../../Drivers/CMSIS/Include/core_cm4.h:1809:22:__NVIC_SetPriority	16	static
../../Drivers/CMSIS/Include/core_cm4.h:1856:26:NVIC_EncodePriority	40	static
../../Drivers/STM32G4xx_HAL_Driver/Inc/stm32g4xx_ll_dma.h:628:22:LL_DMA_SetDataTransferDirection	32	static
../../Drivers/STM32G4xx_HAL_Driver/Inc/stm32g4xx_ll_dma.h:683:22:LL_DMA_SetMode	32	static
../../Drivers/STM32G4xx_HAL_Driver/Inc/stm32g4xx_ll_dma.h:734:22:LL_DMA_SetPeriphIncMode	32	static
../../Drivers/STM32G4xx_HAL_Driver/Inc/stm32g4xx_ll_dma.h:785:22:LL_DMA_SetMemoryIncMode	32	static
../../Drivers/STM32G4xx_HAL_Driver/Inc/stm32g4xx_ll_dma.h:837:22:LL_DMA_SetPeriphSize	32	static
../../Drivers/STM32G4xx_HAL_Driver/Inc/stm32g4xx_ll_dma.h:890:22:LL_DMA_SetMemorySize	32	static
../../Drivers/STM32G4xx_HAL_Driver/Inc/stm32g4xx_ll_dma.h:944:22:LL_DMA_SetChannelPriorityLevel	32	static
../../Drivers/STM32G4xx_HAL_Driver/Inc/stm32g4xx_ll_dma.h:1406:22:LL_DMA_SetPeriphRequest	32	static
../../Drivers/STM32G4xx_HAL_Driver/Inc/stm32g4xx_ll_lpuart.h:495:22:LL_LPUART_Enable	16	static
../../Drivers/STM32G4xx_HAL_Driver/Inc/stm32g4xx_ll_lpuart.h:547:22:LL_LPUART_DisableFIFO	16	static
../../Drivers/STM32G4xx_HAL_Driver/Inc/stm32g4xx_ll_lpuart.h:576:22:LL_LPUART_SetTXFIFOThreshold	40	static,ignoring_inline_asm
../../Drivers/STM32G4xx_HAL_Driver/Inc/stm32g4xx_ll_lpuart.h:611:22:LL_LPUART_SetRXFIFOThreshold	40	static,ignoring_inline_asm
../../Drivers/STM32G4xx_HAL_Driver/Inc/stm32g4xx_ll_lpuart.h:1761:26:LL_LPUART_IsActiveFlag_TEACK	16	static
../../Drivers/STM32G4xx_HAL_Driver/Inc/stm32g4xx_ll_lpuart.h:1772:26:LL_LPUART_IsActiveFlag_REACK	16	static
../../Drivers/STM32G4xx_HAL_Driver/Inc/stm32g4xx_ll_rcc.h:1003:22:LL_RCC_HSI_Enable	4	static
../../Drivers/STM32G4xx_HAL_Driver/Inc/stm32g4xx_ll_rcc.h:1023:26:LL_RCC_HSI_IsReady	4	static
../../Drivers/STM32G4xx_HAL_Driver/Inc/stm32g4xx_ll_rcc.h:1049:22:LL_RCC_HSI_SetCalibTrimming	16	static
../../Drivers/STM32G4xx_HAL_Driver/Inc/stm32g4xx_ll_rcc.h:1340:22:LL_RCC_SetSysClkSource	16	static
../../Drivers/STM32G4xx_HAL_Driver/Inc/stm32g4xx_ll_rcc.h:1353:26:LL_RCC_GetSysClkSource	4	static
../../Drivers/STM32G4xx_HAL_Driver/Inc/stm32g4xx_ll_rcc.h:1373:22:LL_RCC_SetAHBPrescaler	16	static
../../Drivers/STM32G4xx_HAL_Driver/Inc/stm32g4xx_ll_rcc.h:1389:22:LL_RCC_SetAPB1Prescaler	16	static
../../Drivers/STM32G4xx_HAL_Driver/Inc/stm32g4xx_ll_rcc.h:1405:22:LL_RCC_SetAPB2Prescaler	16	static
../../Drivers/STM32G4xx_HAL_Driver/Inc/stm32g4xx_ll_rcc.h:1559:22:LL_RCC_SetLPUARTClockSource	16	static
../../Drivers/STM32G4xx_HAL_Driver/Inc/stm32g4xx_ll_rcc.h:2053:22:LL_RCC_PLL_Enable	4	static
../../Drivers/STM32G4xx_HAL_Driver/Inc/stm32g4xx_ll_rcc.h:2074:26:LL_RCC_PLL_IsReady	4	static
../../Drivers/STM32G4xx_HAL_Driver/Inc/stm32g4xx_ll_rcc.h:2117:22:LL_RCC_PLL_ConfigDomain_SYS	24	static
../../Drivers/STM32G4xx_HAL_Driver/Inc/stm32g4xx_ll_rcc.h:2446:22:LL_RCC_PLL_EnableDomain_SYS	4	static
../../Drivers/STM32G4xx_HAL_Driver/Inc/stm32g4xx_ll_bus.h:243:22:LL_AHB1_GRP1_EnableClock	24	static
../../Drivers/STM32G4xx_HAL_Driver/Inc/stm32g4xx_ll_bus.h:451:22:LL_AHB2_GRP1_EnableClock	24	static
../../Drivers/STM32G4xx_HAL_Driver/Inc/stm32g4xx_ll_bus.h:913:22:LL_APB1_GRP1_EnableClock	24	static
../../Drivers/STM32G4xx_HAL_Driver/Inc/stm32g4xx_ll_bus.h:935:22:LL_APB1_GRP2_EnableClock	24	static
../../Drivers/STM32G4xx_HAL_Driver/Inc/stm32g4xx_ll_system.h:713:22:LL_SYSCFG_SetEXTISource	32	static,ignoring_inline_asm
../../Drivers/STM32G4xx_HAL_Driver/Inc/stm32g4xx_ll_system.h:1289:22:LL_FLASH_SetLatency	16	static
../../Drivers/STM32G4xx_HAL_Driver/Inc/stm32g4xx_ll_system.h:1317:26:LL_FLASH_GetLatency	4	static
../../Drivers/STM32G4xx_HAL_Driver/Inc/stm32g4xx_ll_pwr.h:341:22:LL_PWR_EnableRange1BoostMode	4	static
../../Drivers/STM32G4xx_HAL_Driver/Inc/stm32g4xx_ll_tim.h:2204:22:LL_TIM_DisableARRPreload	16	static
../../Drivers/STM32G4xx_HAL_Driver/Inc/stm32g4xx_ll_tim.h:2972:22:LL_TIM_OC_DisableFast	24	static
../../Drivers/STM32G4xx_HAL_Driver/Inc/stm32g4xx_ll_tim.h:3024:22:LL_TIM_OC_EnablePreload	24	static
../../Drivers/STM32G4xx_HAL_Driver/Inc/stm32g4xx_ll_tim.h:3986:22:LL_TIM_SetTriggerOutput	16	static
../../Drivers/STM32G4xx_HAL_Driver/Inc/stm32g4xx_ll_tim.h:4092:22:LL_TIM_DisableMasterSlaveMode	16	static
../../Drivers/STM32G4xx_HAL_Driver/Inc/stm32g4xx_ll_gpio.h:285:22:LL_GPIO_SetPinMode	48	static,ignoring_inline_asm
../../Drivers/STM32G4xx_HAL_Driver/Inc/stm32g4xx_ll_gpio.h:496:22:LL_GPIO_SetPinPull	48	static,ignoring_inline_asm
../../Drivers/STM32G4xx_HAL_Driver/Inc/stm32g4xx_ll_gpio.h:923:22:LL_GPIO_ResetOutputPin	16	static
C:/Users/cipri/Desktop/progetto_se_gruppo_17/Core/Src/main.c:67:6:SystemClock_Config	8	static
C:/Users/cipri/Desktop/progetto_se_gruppo_17/Core/Src/main.c:119:6:MX_LPUART1_UART_Init	64	static
C:/Users/cipri/Desktop/progetto_se_gruppo_17/Core/Src/main.c:211:6:MX_TIM3_Init	88	static
C:/Users/cipri/Desktop/progetto_se_gruppo_17/Core/Src/main.c:292:6:MX_TIM4_Init	88	static
C:/Users/cipri/Desktop/progetto_se_gruppo_17/Core/Src/main.c:346:6:MX_DMA_Init	8	static
C:/Users/cipri/Desktop/progetto_se_gruppo_17/Core/Src/main.c:366:6:MX_GPIO_Init	48	static
C:/Users/cipri/Desktop/progetto_se_gruppo_17/Core/Src/main.c:481:6:HAL_TIM_PeriodElapsedCallback	16	static
C:/Users/cipri/Desktop/progetto_se_gruppo_17/Core/Src/main.c:498:6:Error_Handler	4	static,ignoring_inline_asm
