../../Drivers/STM32G4xx_HAL_Driver/Inc/stm32g4xx_ll_exti.h:1239:26:LL_EXTI_IsActiveFlag_0_31	16	static
../../Drivers/STM32G4xx_HAL_Driver/Inc/stm32g4xx_ll_exti.h:1359:22:LL_EXTI_ClearFlag_0_31	16	static
C:/Users/cipri/Desktop/progetto_se_gruppo_17/Core/Src/stm32g4xx_it.c:70:28:NMI_Handler	4	static
C:/Users/cipri/Desktop/progetto_se_gruppo_17/Core/Src/stm32g4xx_it.c:85:28:HardFault_Handler	4	static
C:/Users/cipri/Desktop/progetto_se_gruppo_17/Core/Src/stm32g4xx_it.c:100:28:MemManage_Handler	4	static
C:/Users/cipri/Desktop/progetto_se_gruppo_17/Core/Src/stm32g4xx_it.c:115:28:BusFault_Handler	4	static
C:/Users/cipri/Desktop/progetto_se_gruppo_17/Core/Src/stm32g4xx_it.c:130:28:UsageFault_Handler	4	static
C:/Users/cipri/Desktop/progetto_se_gruppo_17/Core/Src/stm32g4xx_it.c:145:28:SVC_Handler	4	static
C:/Users/cipri/Desktop/progetto_se_gruppo_17/Core/Src/stm32g4xx_it.c:158:28:DebugMon_Handler	4	static
C:/Users/cipri/Desktop/progetto_se_gruppo_17/Core/Src/stm32g4xx_it.c:171:28:PendSV_Handler	4	static
C:/Users/cipri/Desktop/progetto_se_gruppo_17/Core/Src/stm32g4xx_it.c:184:28:SysTick_Handler	4	static
C:/Users/cipri/Desktop/progetto_se_gruppo_17/Core/Src/stm32g4xx_it.c:205:28:DMA1_Channel1_IRQHandler	4	static
C:/Users/cipri/Desktop/progetto_se_gruppo_17/Core/Src/stm32g4xx_it.c:219:28:TIM2_IRQHandler	8	static
C:/Users/cipri/Desktop/progetto_se_gruppo_17/Core/Src/stm32g4xx_it.c:233:28:EXTI15_10_IRQHandler	8	static
